[INFO] Error stacktraces are turned on.
[INFO] Scanning for projects...
[INFO] 
[INFO] ------------------< com.codearena:codearena-backend >-------------------
[INFO] Building CodeArena Backend 1.0.0
[INFO]   from pom.xml
[INFO] --------------------------------[ jar ]---------------------------------
[INFO] 
[INFO] --- clean:3.3.2:clean (default-clean) @ codearena-backend ---
[INFO] Deleting D:\antigravity_projects\CodeArena\backend\target
[INFO] 
[INFO] --- resources:3.3.1:resources (default-resources) @ codearena-backend ---
[INFO] Copying 1 resource from src\main\resources to target\classes
[INFO] Copying 0 resource from src\main\resources to target\classes
[INFO] 
[INFO] --- compiler:3.11.0:compile (default-compile) @ codearena-backend ---
[INFO] Changes detected - recompiling the module! :source
[INFO] Compiling 51 source files with javac [debug release 17] to target\classes
[INFO] Annotation processing is enabled because one or more processors were found
  on the class path. A future release of javac may disable annotation processing
  unless at least one processor is specified by name (-processor), or a search
  path is specified (--processor-path, --processor-module-path), or annotation
  processing is enabled explicitly (-proc:only, -proc:full).
  Use -Xlint:-options to suppress this message.
  Use -proc:none to disable annotation processing.
[INFO] /D:/antigravity_projects/CodeArena/backend/src/main/java/com/codearena/security/JwtTokenProvider.java: D:\antigravity_projects\CodeArena\backend\src\main\java\com\codearena\security\JwtTokenProvider.java uses or overrides a deprecated API.
[INFO] /D:/antigravity_projects/CodeArena/backend/src/main/java/com/codearena/security/JwtTokenProvider.java: Recompile with -Xlint:deprecation for details.
[INFO] /D:/antigravity_projects/CodeArena/backend/src/main/java/com/codearena/service/SubmissionService.java: Some input files use unchecked or unsafe operations.
[INFO] /D:/antigravity_projects/CodeArena/backend/src/main/java/com/codearena/service/SubmissionService.java: Recompile with -Xlint:unchecked for details.
[INFO] Some messages have been simplified; recompile with -Xdiags:verbose to get full output
[INFO] -------------------------------------------------------------
[ERROR] COMPILATION ERROR : 
[INFO] -------------------------------------------------------------
[ERROR] /D:/antigravity_projects/CodeArena/backend/src/main/java/com/codearena/service/SubmissionService.java:[49,30] incompatible types: java.lang.String cannot be converted to com.codearena.entity.Submission.Status
[ERROR] /D:/antigravity_projects/CodeArena/backend/src/main/java/com/codearena/service/SubmissionService.java:[58,34] incompatible types: java.lang.String cannot be converted to com.codearena.entity.Submission.Status
[ERROR] /D:/antigravity_projects/CodeArena/backend/src/main/java/com/codearena/service/SubmissionService.java:[62,41] incompatible types: double cannot be converted to java.lang.Integer
[ERROR] /D:/antigravity_projects/CodeArena/backend/src/main/java/com/codearena/service/SubmissionService.java:[88,36] cannot find symbol
  symbol:   method findByUserUsernameOrderBySubmittedAtDesc(java.lang.String)
  location: variable submissionRepository of type com.codearena.repository.SubmissionRepository
[ERROR] /D:/antigravity_projects/CodeArena/backend/src/main/java/com/codearena/service/SubmissionService.java:[156,30] incompatible types: java.lang.String cannot be converted to com.codearena.entity.Submission.Status
[ERROR] /D:/antigravity_projects/CodeArena/backend/src/main/java/com/codearena/service/SubmissionService.java:[157,37] incompatible types: double cannot be converted to java.lang.Integer
[ERROR] /D:/antigravity_projects/CodeArena/backend/src/main/java/com/codearena/service/SubmissionService.java:[167,43] incompatible types: double cannot be converted to java.lang.Integer
[ERROR] /D:/antigravity_projects/CodeArena/backend/src/main/java/com/codearena/service/SubmissionService.java:[169,40] incompatible types: java.lang.String cannot be converted to com.codearena.entity.Submission.Status
[ERROR] /D:/antigravity_projects/CodeArena/backend/src/main/java/com/codearena/service/SubmissionService.java:[173,34] incompatible types: java.lang.String cannot be converted to com.codearena.entity.Submission.Status
[ERROR] /D:/antigravity_projects/CodeArena/backend/src/main/java/com/codearena/service/SubmissionService.java:[176,34] incompatible types: java.lang.String cannot be converted to com.codearena.entity.Submission.Status
[ERROR] /D:/antigravity_projects/CodeArena/backend/src/main/java/com/codearena/service/SubmissionService.java:[252,36] cannot find symbol
  symbol:   method findByUserUsernameOrderBySubmittedAtDesc(java.lang.String)
  location: variable submissionRepository of type com.codearena.repository.SubmissionRepository
[ERROR] /D:/antigravity_projects/CodeArena/backend/src/main/java/com/codearena/service/SubmissionService.java:[257,16] constructor SubmissionResponse in class com.codearena.dto.SubmissionResponse cannot be applied to given types;
  required: java.lang.Long,java.lang.String,java.lang.String,java.lang.Long,java.lang.String,java.lang.String,com.codearena.entity.Submission.Status,java.lang.String,java.lang.Integer,java.lang.Integer,java.lang.Integer,java.lang.Integer,java.lang.String,java.lang.String,java.lang.String,java.time.LocalDateTime
  found:    java.lang.Long,java.lang.String,java.lang.String,com.codearena.entity.Submission.Status,submission[...]: "0",java.lang.Integer,java.lang.Long,java.lang.String,java.time.LocalDateTime,java.lang.Integer,java.lang.Integer,java.lang.String
  reason: actual and formal argument lists differ in length
[INFO] 12 errors 
[INFO] -------------------------------------------------------------
[INFO] ------------------------------------------------------------------------
[INFO] BUILD FAILURE
[INFO] ------------------------------------------------------------------------
[INFO] Total time:  5.913 s
[INFO] Finished at: 2026-02-22T22:36:52+05:30
[INFO] ------------------------------------------------------------------------
[ERROR] Failed to execute goal org.apache.maven.plugins:maven-compiler-plugin:3.11.0:compile (default-compile) on project codearena-backend: Compilation failure: Compilation failure: 
[ERROR] /D:/antigravity_projects/CodeArena/backend/src/main/java/com/codearena/service/SubmissionService.java:[49,30] incompatible types: java.lang.String cannot be converted to com.codearena.entity.Submission.Status
[ERROR] /D:/antigravity_projects/CodeArena/backend/src/main/java/com/codearena/service/SubmissionService.java:[58,34] incompatible types: java.lang.String cannot be converted to com.codearena.entity.Submission.Status
[ERROR] /D:/antigravity_projects/CodeArena/backend/src/main/java/com/codearena/service/SubmissionService.java:[62,41] incompatible types: double cannot be converted to java.lang.Integer
[ERROR] /D:/antigravity_projects/CodeArena/backend/src/main/java/com/codearena/service/SubmissionService.java:[88,36] cannot find symbol
[ERROR]   symbol:   method findByUserUsernameOrderBySubmittedAtDesc(java.lang.String)
[ERROR]   location: variable submissionRepository of type com.codearena.repository.SubmissionRepository
[ERROR] /D:/antigravity_projects/CodeArena/backend/src/main/java/com/codearena/service/SubmissionService.java:[156,30] incompatible types: java.lang.String cannot be converted to com.codearena.entity.Submission.Status
[ERROR] /D:/antigravity_projects/CodeArena/backend/src/main/java/com/codearena/service/SubmissionService.java:[157,37] incompatible types: double cannot be converted to java.lang.Integer
[ERROR] /D:/antigravity_projects/CodeArena/backend/src/main/java/com/codearena/service/SubmissionService.java:[167,43] incompatible types: double cannot be converted to java.lang.Integer
[ERROR] /D:/antigravity_projects/CodeArena/backend/src/main/java/com/codearena/service/SubmissionService.java:[169,40] incompatible types: java.lang.String cannot be converted to com.codearena.entity.Submission.Status
[ERROR] /D:/antigravity_projects/CodeArena/backend/src/main/java/com/codearena/service/SubmissionService.java:[173,34] incompatible types: java.lang.String cannot be converted to com.codearena.entity.Submission.Status
[ERROR] /D:/antigravity_projects/CodeArena/backend/src/main/java/com/codearena/service/SubmissionService.java:[176,34] incompatible types: java.lang.String cannot be converted to com.codearena.entity.Submission.Status
[ERROR] /D:/antigravity_projects/CodeArena/backend/src/main/java/com/codearena/service/SubmissionService.java:[252,36] cannot find symbol
[ERROR]   symbol:   method findByUserUsernameOrderBySubmittedAtDesc(java.lang.String)
[ERROR]   location: variable submissionRepository of type com.codearena.repository.SubmissionRepository
[ERROR] /D:/antigravity_projects/CodeArena/backend/src/main/java/com/codearena/service/SubmissionService.java:[257,16] constructor SubmissionResponse in class com.codearena.dto.SubmissionResponse cannot be applied to given types;
[ERROR]   required: java.lang.Long,java.lang.String,java.lang.String,java.lang.Long,java.lang.String,java.lang.String,com.codearena.entity.Submission.Status,java.lang.String,java.lang.Integer,java.lang.Integer,java.lang.Integer,java.lang.Integer,java.lang.String,java.lang.String,java.lang.String,java.time.LocalDateTime
[ERROR]   found:    java.lang.Long,java.lang.String,java.lang.String,com.codearena.entity.Submission.Status,submission[...]: "0",java.lang.Integer,java.lang.Long,java.lang.String,java.time.LocalDateTime,java.lang.Integer,java.lang.Integer,java.lang.String
[ERROR]   reason: actual and formal argument lists differ in length
[ERROR] -> [Help 1]
org.apache.maven.lifecycle.LifecycleExecutionException: Failed to execute goal org.apache.maven.plugins:maven-compiler-plugin:3.11.0:compile (default-compile) on project codearena-backend: Compilation failure
    at org.apache.maven.lifecycle.internal.MojoExecutor.doExecute2 (MojoExecutor.java:333)
    at org.apache.maven.lifecycle.internal.MojoExecutor.doExecute (MojoExecutor.java:316)
    at org.apache.maven.lifecycle.internal.MojoExecutor.execute (MojoExecutor.java:212)
    at org.apache.maven.lifecycle.internal.MojoExecutor.execute (MojoExecutor.java:174)
    at org.apache.maven.lifecycle.internal.MojoExecutor.access$000 (MojoExecutor.java:75)
    at org.apache.maven.lifecycle.internal.MojoExecutor$1.run (MojoExecutor.java:162)
    at org.apache.maven.plugin.DefaultMojosExecutionStrategy.execute (DefaultMojosExecutionStrategy.java:39)
    at org.apache.maven.lifecycle.internal.MojoExecutor.execute (MojoExecutor.java:159)
    at org.apache.maven.lifecycle.internal.LifecycleModuleBuilder.buildProject (LifecycleModuleBuilder.java:105)
    at org.apache.maven.lifecycle.internal.LifecycleModuleBuilder.buildProject (LifecycleModuleBuilder.java:73)
    at org.apache.maven.lifecycle.internal.builder.singlethreaded.SingleThreadedBuilder.build (SingleThreadedBuilder.java:53)
    at org.apache.maven.lifecycle.internal.LifecycleStarter.execute (LifecycleStarter.java:118)
    at org.apache.maven.DefaultMaven.doExecute (DefaultMaven.java:261)
    at org.apache.maven.DefaultMaven.doExecute (DefaultMaven.java:173)
    at org.apache.maven.DefaultMaven.execute (DefaultMaven.java:101)
    at org.apache.maven.cli.MavenCli.execute (MavenCli.java:906)
    at org.apache.maven.cli.MavenCli.doMain (MavenCli.java:283)
    at org.apache.maven.cli.MavenCli.main (MavenCli.java:206)
    at jdk.internal.reflect.DirectMethodHandleAccessor.invoke (DirectMethodHandleAccessor.java:103)
    at java.lang.reflect.Method.invoke (Method.java:580)
    at org.codehaus.plexus.classworlds.launcher.Launcher.launchEnhanced (Launcher.java:255)
    at org.codehaus.plexus.classworlds.launcher.Launcher.launch (Launcher.java:201)
    at org.codehaus.plexus.classworlds.launcher.Launcher.mainWithExitCode (Launcher.java:361)
    at org.codehaus.plexus.classworlds.launcher.Launcher.main (Launcher.java:314)
Caused by: org.apache.maven.plugin.compiler.CompilationFailureException: Compilation failure
    at org.apache.maven.plugin.compiler.AbstractCompilerMojo.execute (AbstractCompilerMojo.java:1212)
    at org.apache.maven.plugin.compiler.CompilerMojo.execute (CompilerMojo.java:193)
    at org.apache.maven.plugin.DefaultBuildPluginManager.executeMojo (DefaultBuildPluginManager.java:126)
    at org.apache.maven.lifecycle.internal.MojoExecutor.doExecute2 (MojoExecutor.java:328)
    at org.apache.maven.lifecycle.internal.MojoExecutor.doExecute (MojoExecutor.java:316)
    at org.apache.maven.lifecycle.internal.MojoExecutor.execute (MojoExecutor.java:212)
    at org.apache.maven.lifecycle.internal.MojoExecutor.execute (MojoExecutor.java:174)
    at org.apache.maven.lifecycle.internal.MojoExecutor.access$000 (MojoExecutor.java:75)
    at org.apache.maven.lifecycle.internal.MojoExecutor$1.run (MojoExecutor.java:162)
    at org.apache.maven.plugin.DefaultMojosExecutionStrategy.execute (DefaultMojosExecutionStrategy.java:39)
    at org.apache.maven.lifecycle.internal.MojoExecutor.execute (MojoExecutor.java:159)
    at org.apache.maven.lifecycle.internal.LifecycleModuleBuilder.buildProject (LifecycleModuleBuilder.java:105)
    at org.apache.maven.lifecycle.internal.LifecycleModuleBuilder.buildProject (LifecycleModuleBuilder.java:73)
    at org.apache.maven.lifecycle.internal.builder.singlethreaded.SingleThreadedBuilder.build (SingleThreadedBuilder.java:53)
    at org.apache.maven.lifecycle.internal.LifecycleStarter.execute (LifecycleStarter.java:118)
    at org.apache.maven.DefaultMaven.doExecute (DefaultMaven.java:261)
    at org.apache.maven.DefaultMaven.doExecute (DefaultMaven.java:173)
    at org.apache.maven.DefaultMaven.execute (DefaultMaven.java:101)
    at org.apache.maven.cli.MavenCli.execute (MavenCli.java:906)
    at org.apache.maven.cli.MavenCli.doMain (MavenCli.java:283)
    at org.apache.maven.cli.MavenCli.main (MavenCli.java:206)
    at jdk.internal.reflect.DirectMethodHandleAccessor.invoke (DirectMethodHandleAccessor.java:103)
    at java.lang.reflect.Method.invoke (Method.java:580)
    at org.codehaus.plexus.classworlds.launcher.Launcher.launchEnhanced (Launcher.java:255)
    at org.codehaus.plexus.classworlds.launcher.Launcher.launch (Launcher.java:201)
    at org.codehaus.plexus.classworlds.launcher.Launcher.mainWithExitCode (Launcher.java:361)
    at org.codehaus.plexus.classworlds.launcher.Launcher.main (Launcher.java:314)
[ERROR] 
[ERROR] Re-run Maven using the -X switch to enable full debug logging.
[ERROR] 
[ERROR] For more information about the errors and possible solutions, please read the following articles:
[ERROR] [Help 1] http://cwiki.apache.org/confluence/display/MAVEN/MojoFailureException
